
> trainsophiie-node@1.0.0 build
> vite build

[36mvite v5.4.21 [32mbuilding for production...[36m[39m
transforming...
[32mΓ£ô[39m 27 modules transformed.
node.exe : [31mx[39m Build failed in 480ms
At line:1 char:1
+ & "C:\Program Files\nodejs/node.exe" "C:\Program Files\nodejs/node_mo 
...
+ ~~~~~~~~~~~~~~~~~~~~~~~~~~~~~~~~~~~~~~~~~~~~~~~~~~~~~~~~~~~~~~~~~~~~~
    + CategoryInfo          : NotSpecified: ([31mx[39m Build failed in  
   480ms:String) [], RemoteException
    + FullyQualifiedErrorId : NativeCommandError
 
[31merror during build:
[31msrc/lib/mockData.js (5:110): Expression expected[31m
file: [36mC:/Users/D1SENTPC/Documents/_Personal/Work/Sophiie/antigrav/tra
insophiie-node/src/lib/mockData.js:5:110[31m
[33m
3: 
4: export const MOCK_SERVICES = [
5:     { id: 1, name: "Emergency Plumbing", desc: "Handling burst pipes, 
leaks, and overflowing toilets.", icon: <Wrench />...
                                                                          
                                       ^
6:     { id: 2, name: "Gas Fitting", desc: "Installation and maintenance 
of gas appliances.", icon: <Sparkles />, time: "90...
7: ];
[31m
    at getRollupError (file:///C:/Users/D1SENTPC/Documents/_Personal/Work/
Sophiie/antigrav/trainsophiie-node/node_modules/rollup/dist/es/shared/pars
eAst.js:401:41)
    at ParseError.initialise (file:///C:/Users/D1SENTPC/Documents/_Persona
l/Work/Sophiie/antigrav/trainsophiie-node/node_modules/rollup/dist/es/shar
ed/node-entry.js:14469:28)
    at convertNode (file:///C:/Users/D1SENTPC/Documents/_Personal/Work/Sop
hiie/antigrav/trainsophiie-node/node_modules/rollup/dist/es/shared/node-en
try.js:16352:10)
    at convertProgram (file:///C:/Users/D1SENTPC/Documents/_Personal/Work/
Sophiie/antigrav/trainsophiie-node/node_modules/rollup/dist/es/shared/node
-entry.js:15592:12)
    at Module.setSource (file:///C:/Users/D1SENTPC/Documents/_Personal/Wor
k/Sophiie/antigrav/trainsophiie-node/node_modules/rollup/dist/es/shared/no
de-entry.js:17352:24)
    at async ModuleLoader.addModuleSource (file:///C:/Users/D1SENTPC/Docum
ents/_Personal/Work/Sophiie/antigrav/trainsophiie-node/node_modules/rollup
/dist/es/shared/node-entry.js:21377:13)[39m
